// Jest Snapshot v1, https://goo.gl/fbAQLP

exports[`should matchSnapshot 1`] = `<DocumentFragment />`;
